r3: waiting for the autopilot on tcp:127.0.0.1:5780
r3: autopilot 3 found at 56.9495550 24.1052000 10.1 m
     10.24 r3 mission '' tasks 0 armed 0 mode 0 rel_alt 0.0 battery 100%
     15.25 r3 mission 'm1' tasks 0 armed 0 mode 0 rel_alt 0.0 battery 100%
     20.26 r3 mission 'm1' tasks 0 armed 0 mode 0 rel_alt -0.0 battery 100%
     25.27 r3 mission 'm1' tasks 0 armed 0 mode 0 rel_alt 0.0 battery 100%
     30.27 r3 mission 'm1' tasks 0 armed 0 mode 0 rel_alt 0.0 battery 100%
     35.28 r3 mission 'm1' tasks 0 armed 0 mode 0 rel_alt 0.0 battery 100%
     40.29 r3 mission 'm1' tasks 0 armed 0 mode 0 rel_alt -0.0 battery 100%
     45.30 r3 mission 'm1' tasks 0 armed 0 mode 0 rel_alt -0.0 battery 100%
     46.30 r3 task op.1
     46.32 r3 task -
     50.31 r3 mission 'm1' tasks 1 armed 1 mode 4 rel_alt 0.0 battery 99%
     51.31 r3 task op.2
     51.33 r3 task -
     55.32 r3 mission 'm1' tasks 2 armed 1 mode 4 rel_alt 7.8 battery 99%
     56.08 r3 task op.2
     60.32 r3 mission 'm1' tasks 3 armed 1 mode 4 rel_alt 20.3 battery 99%
     65.33 r3 mission 'm1' tasks 4 armed 1 mode 4 rel_alt 29.5 battery 99%
     70.34 r3 mission 'm1' tasks 5 armed 1 mode 4 rel_alt 29.9 battery 99%
     75.35 r3 mission 'm1' tasks 6 armed 1 mode 4 rel_alt 26.0 battery 98%
     80.37 r3 mission 'm1' tasks 7 armed 1 mode 4 rel_alt 18.5 battery 98%
     85.37 r3 mission 'm1' tasks 8 armed 1 mode 4 rel_alt 15.0 battery 98%
     88.90 r3 task -
     88.92 r3 task op.6
     90.38 r3 mission 'm1' tasks 9 armed 1 mode 4 rel_alt 15.7 battery 98%
     95.40 r3 mission 'm1' tasks 10 armed 1 mode 4 rel_alt 27.1 battery 98%
    100.40 r3 mission 'm1' tasks 11 armed 1 mode 4 rel_alt 29.7 battery 97%
    105.41 r3 mission 'm1' tasks 12 armed 1 mode 4 rel_alt 29.9 battery 97%
    110.43 r3 mission 'm1' tasks 13 armed 1 mode 4 rel_alt 23.8 battery 97%
    115.43 r3 mission 'm1' tasks 14 armed 1 mode 4 rel_alt 16.4 battery 97%
    120.44 r3 mission 'm1' tasks 15 armed 1 mode 4 rel_alt 14.9 battery 97%
    122.39 r3 task -
    122.41 r3 task op.11
    125.45 r3 mission 'm1' tasks 15 armed 1 mode 4 rel_alt 18.9 battery 97%
    130.45 r3 mission 'm1' tasks 15 armed 1 mode 4 rel_alt 29.2 battery 96%
    135.46 r3 mission 'm1' tasks 15 armed 1 mode 4 rel_alt 29.9 battery 96%
    140.48 r3 mission 'm1' tasks 15 armed 1 mode 4 rel_alt 23.3 battery 96%
    145.49 r3 mission 'm1' tasks 15 armed 1 mode 4 rel_alt 15.9 battery 96%
    150.49 r3 mission 'm1' tasks 15 armed 1 mode 4 rel_alt 14.9 battery 96%
    152.20 r3 task -
    152.22 r3 task op.5
    155.50 r3 mission 'm1' tasks 15 armed 1 mode 4 rel_alt 19.4 battery 95%
    160.51 r3 mission 'm1' tasks 15 armed 1 mode 4 rel_alt 29.3 battery 95%
    165.51 r3 mission 'm1' tasks 15 armed 1 mode 4 rel_alt 29.8 battery 95%
    170.53 r3 mission 'm1' tasks 15 armed 1 mode 4 rel_alt 29.9 battery 95%
    175.54 r3 mission 'm1' tasks 15 armed 1 mode 4 rel_alt 24.2 battery 95%
    180.56 r3 mission 'm1' tasks 15 armed 1 mode 4 rel_alt 16.8 battery 94%
    185.56 r3 mission 'm1' tasks 15 armed 1 mode 4 rel_alt 14.9 battery 94%
    187.79 r3 task -
    187.81 r3 task op.15
    188.31 r3 task -
    190.57 r3 mission 'm1' tasks 15 armed 1 mode 4 rel_alt 18.3 battery 94%
    195.57 r3 mission 'm1' tasks 15 armed 1 mode 4 rel_alt 28.9 battery 94%
    196.98 r3 task op.15
    197.00 r3 task -
    200.58 r3 mission 'm1' tasks 15 armed 1 mode 4 rel_alt 29.9 battery 94%
    205.60 r3 mission 'm1' tasks 15 armed 1 mode 4 rel_alt 29.9 battery 93%
