r1: waiting for the autopilot on tcp:127.0.0.1:5760
r1: autopilot 1 found at 56.9495550 24.1050681 10.1 m
     10.88 r1 mission '' tasks 0 armed 0 mode 0 rel_alt 0.0 battery 100%
     15.90 r1 mission 'm1' tasks 0 armed 0 mode 0 rel_alt 0.0 battery 100%
     20.90 r1 mission 'm1' tasks 0 armed 0 mode 0 rel_alt -0.0 battery 100%
     25.91 r1 mission 'm1' tasks 0 armed 0 mode 0 rel_alt 0.0 battery 100%
     30.92 r1 mission 'm1' tasks 0 armed 0 mode 0 rel_alt 0.0 battery 100%
     35.93 r1 mission 'm1' tasks 0 armed 0 mode 0 rel_alt 0.0 battery 100%
     40.94 r1 mission 'm1' tasks 0 armed 0 mode 0 rel_alt -0.0 battery 100%
     45.95 r1 mission 'm1' tasks 0 armed 0 mode 0 rel_alt -0.0 battery 100%
     50.95 r1 mission 'm1' tasks 1 armed 0 mode 0 rel_alt -0.0 battery 100%
     55.96 r1 mission 'm1' tasks 2 armed 0 mode 0 rel_alt -0.0 battery 100%
     56.94 r1 task op.3
     60.97 r1 mission 'm1' tasks 3 armed 1 mode 4 rel_alt 0.0 battery 99%
     65.97 r1 mission 'm1' tasks 4 armed 1 mode 4 rel_alt 8.9 battery 98%
     70.98 r1 mission 'm1' tasks 5 armed 1 mode 4 rel_alt 19.2 battery 97%
     75.99 r1 mission 'm1' tasks 6 armed 1 mode 4 rel_alt 19.9 battery 96%
     81.00 r1 mission 'm1' tasks 7 armed 1 mode 4 rel_alt 16.3 battery 95%
     86.01 r1 mission 'm1' tasks 8 armed 1 mode 4 rel_alt 14.9 battery 93%
     88.02 r1 task -
     88.04 r1 task op.8
     91.02 r1 mission 'm1' tasks 9 armed 1 mode 4 rel_alt 18.3 battery 92%
     96.02 r1 mission 'm1' tasks 10 armed 1 mode 4 rel_alt 19.9 battery 91%
    101.03 r1 mission 'm1' tasks 11 armed 1 mode 4 rel_alt 15.2 battery 90%
    106.04 r1 mission 'm1' tasks 12 armed 1 mode 4 rel_alt 14.9 battery 89%
    106.93 r1 task -
    106.95 r1 task op.13
    111.05 r1 mission 'm1' tasks 13 armed 1 mode 4 rel_alt 19.4 battery 87%
    116.06 r1 mission 'm1' tasks 14 armed 1 mode 4 rel_alt 19.8 battery 86%
    121.06 r1 mission 'm1' tasks 15 armed 1 mode 4 rel_alt 14.9 battery 85%
    125.73 r1 task -
    125.75 r1 task op.4
    126.07 r1 mission 'm1' tasks 15 armed 1 mode 4 rel_alt 14.9 battery 84%
    131.08 r1 mission 'm1' tasks 15 armed 1 mode 4 rel_alt 19.6 battery 83%
    136.08 r1 mission 'm1' tasks 15 armed 1 mode 4 rel_alt 19.8 battery 81%
    141.09 r1 mission 'm1' tasks 15 armed 1 mode 4 rel_alt 19.9 battery 80%
    146.10 r1 mission 'm1' tasks 15 armed 1 mode 4 rel_alt 14.9 battery 79%
    151.03 r1 task -
    151.05 r1 task op.9
    151.11 r1 mission 'm1' tasks 15 armed 1 mode 4 rel_alt 14.9 battery 78%
    156.12 r1 mission 'm1' tasks 15 armed 1 mode 4 rel_alt 19.7 battery 77%
    161.13 r1 mission 'm1' tasks 15 armed 1 mode 4 rel_alt 19.0 battery 75%
    166.13 r1 mission 'm1' tasks 15 armed 1 mode 4 rel_alt 14.9 battery 74%
    169.93 r1 task -
    169.95 r1 task op.14
    171.13 r1 mission 'm1' tasks 15 armed 1 mode 4 rel_alt 15.4 battery 73%
    176.14 r1 mission 'm1' tasks 15 armed 1 mode 4 rel_alt 19.8 battery 72%
    181.15 r1 mission 'm1' tasks 15 armed 1 mode 4 rel_alt 17.3 battery 71%
    186.15 r1 mission 'm1' tasks 15 armed 1 mode 4 rel_alt 14.9 battery 69%
    188.84 r1 task -
    191.16 r1 mission 'm1' tasks 15 armed 1 mode 4 rel_alt 15.5 battery 68%
    196.16 r1 mission 'm1' tasks 15 armed 1 mode 4 rel_alt 19.9 battery 67%
    201.17 r1 mission 'm1' tasks 15 armed 1 mode 4 rel_alt 19.9 battery 66%
