r1: waiting for the autopilot on tcp:127.0.0.1:5760
r1: autopilot 1 found at 56.9495550 24.1050681 10.1 m
     10.58 r1 mission '' tasks 0 armed 0 mode 0 rel_alt 0.0 battery 100%
     15.59 r1 mission 'm1' tasks 0 armed 0 mode 0 rel_alt 0.0 battery 100%
     20.60 r1 mission 'm1' tasks 0 armed 0 mode 0 rel_alt -0.0 battery 100%
     25.61 r1 mission 'm1' tasks 0 armed 0 mode 0 rel_alt 0.0 battery 100%
     30.63 r1 mission 'm1' tasks 0 armed 0 mode 0 rel_alt 0.0 battery 100%
     35.65 r1 mission 'm1' tasks 0 armed 0 mode 0 rel_alt 0.0 battery 100%
     40.65 r1 mission 'm1' tasks 0 armed 0 mode 0 rel_alt -0.0 battery 100%
     45.66 r1 mission 'm1' tasks 0 armed 0 mode 0 rel_alt -0.0 battery 100%
     46.65 r1 task op.1
     46.67 r1 task -
     50.68 r1 mission 'm1' tasks 1 armed 1 mode 4 rel_alt 0.0 battery 99%
     51.63 r1 task op.2
     55.69 r1 mission 'm1' tasks 2 armed 1 mode 4 rel_alt 9.2 battery 99%
     60.69 r1 mission 'm1' tasks 3 armed 1 mode 4 rel_alt 19.3 battery 99%
     65.70 r1 mission 'm1' tasks 4 armed 1 mode 4 rel_alt 19.9 battery 99%
     70.71 r1 mission 'm1' tasks 5 armed 1 mode 4 rel_alt 17.4 battery 99%
     75.71 r1 mission 'm1' tasks 6 armed 1 mode 4 rel_alt 14.9 battery 98%
     78.43 r1 task -
     78.45 r1 task op.7
     80.72 r1 mission 'm1' tasks 7 armed 1 mode 4 rel_alt 17.1 battery 98%
     85.73 r1 mission 'm1' tasks 8 armed 1 mode 4 rel_alt 19.9 battery 98%
     90.74 r1 mission 'm1' tasks 9 armed 1 mode 4 rel_alt 15.7 battery 98%
     95.75 r1 mission 'm1' tasks 10 armed 1 mode 4 rel_alt 14.9 battery 98%
     97.19 r1 task -
     97.21 r1 task op.8
     99.04 r1 task op.4
    100.77 r1 mission 'm1' tasks 11 armed 1 mode 4 rel_alt 18.9 battery 97%
    101.63 r1 task op.12
    105.78 r1 mission 'm1' tasks 12 armed 1 mode 4 rel_alt 19.9 battery 97%
    110.78 r1 mission 'm1' tasks 13 armed 1 mode 4 rel_alt 17.9 battery 97%
    115.80 r1 mission 'm1' tasks 14 armed 1 mode 4 rel_alt 14.9 battery 97%
    118.82 r1 task -
    118.84 r1 task op.4
    120.82 r1 mission 'm1' tasks 15 armed 1 mode 4 rel_alt 16.6 battery 97%
    125.83 r1 mission 'm1' tasks 15 armed 1 mode 4 rel_alt 19.6 battery 97%
    130.84 r1 mission 'm1' tasks 15 armed 1 mode 4 rel_alt 19.8 battery 96%
    135.84 r1 mission 'm1' tasks 15 armed 1 mode 4 rel_alt 19.9 battery 96%
    140.85 r1 mission 'm1' tasks 15 armed 1 mode 4 rel_alt 15.9 battery 96%
    145.86 r1 mission 'm1' tasks 15 armed 1 mode 4 rel_alt 14.9 battery 96%
    147.50 r1 task -
    147.52 r1 task op.9
    150.87 r1 mission 'm1' tasks 15 armed 1 mode 4 rel_alt 18.7 battery 95%
    155.88 r1 mission 'm1' tasks 15 armed 1 mode 4 rel_alt 19.9 battery 95%
    160.90 r1 mission 'm1' tasks 15 armed 1 mode 4 rel_alt 15.0 battery 95%
    165.91 r1 mission 'm1' tasks 15 armed 1 mode 4 rel_alt 14.9 battery 95%
    166.33 r1 task -
    166.35 r1 task op.14
    170.92 r1 mission 'm1' tasks 15 armed 1 mode 4 rel_alt 19.6 battery 95%
    175.92 r1 mission 'm1' tasks 15 armed 1 mode 4 rel_alt 19.5 battery 95%
    180.93 r1 mission 'm1' tasks 15 armed 1 mode 4 rel_alt 14.9 battery 94%
    185.13 r1 task -
    185.94 r1 mission 'm1' tasks 15 armed 1 mode 4 rel_alt 14.9 battery 94%
    190.95 r1 mission 'm1' tasks 15 armed 1 mode 4 rel_alt 19.9 battery 94%
    195.95 r1 mission 'm1' tasks 15 armed 1 mode 4 rel_alt 19.9 battery 94%
    200.96 r1 mission 'm1' tasks 15 armed 1 mode 4 rel_alt 19.9 battery 94%
