r3: waiting for the autopilot on tcp:127.0.0.1:5780
r3: autopilot 3 found at 56.9495550 24.1052000 10.1 m
     10.01 r3 mission '' tasks 0 armed 0 mode 0 rel_alt 0.0 battery 100%
     15.03 r3 mission 'm1' tasks 0 armed 0 mode 0 rel_alt 0.0 battery 100%
     20.04 r3 mission 'm1' tasks 0 armed 0 mode 0 rel_alt -0.0 battery 100%
     25.05 r3 mission 'm1' tasks 0 armed 0 mode 0 rel_alt 0.0 battery 100%
     30.06 r3 mission 'm1' tasks 0 armed 0 mode 0 rel_alt 0.0 battery 100%
     35.07 r3 mission 'm1' tasks 0 armed 0 mode 0 rel_alt 0.0 battery 100%
     40.07 r3 mission 'm1' tasks 0 armed 0 mode 0 rel_alt -0.0 battery 100%
     45.08 r3 mission 'm1' tasks 0 armed 0 mode 0 rel_alt -0.0 battery 100%
     46.07 r3 task op.1
     50.09 r3 mission 'm1' tasks 1 armed 1 mode 4 rel_alt 0.0 battery 99%
     55.10 r3 mission 'm1' tasks 2 armed 1 mode 4 rel_alt 8.9 battery 98%
     60.11 r3 mission 'm1' tasks 3 armed 1 mode 4 rel_alt 21.4 battery 97%
     65.12 r3 mission 'm1' tasks 4 armed 1 mode 4 rel_alt 29.6 battery 96%
     70.13 r3 mission 'm1' tasks 5 armed 1 mode 4 rel_alt 29.9 battery 94%
     75.14 r3 mission 'm1' tasks 6 armed 1 mode 4 rel_alt 23.9 battery 93%
     80.16 r3 mission 'm1' tasks 7 armed 1 mode 4 rel_alt 16.4 battery 92%
     85.18 r3 mission 'm1' tasks 8 armed 1 mode 4 rel_alt 14.9 battery 91%
     87.25 r3 task -
     87.27 r3 task op.6
     90.18 r3 mission 'm1' tasks 9 armed 1 mode 4 rel_alt 18.6 battery 90%
     95.20 r3 mission 'm1' tasks 10 armed 1 mode 4 rel_alt 29.1 battery 88%
    100.20 r3 mission 'm1' tasks 11 armed 1 mode 4 rel_alt 29.9 battery 87%
    105.22 r3 mission 'm1' tasks 12 armed 1 mode 4 rel_alt 23.6 battery 86%
    110.23 r3 mission 'm1' tasks 13 armed 1 mode 4 rel_alt 16.0 battery 85%
    115.24 r3 mission 'm1' tasks 14 armed 1 mode 4 rel_alt 14.9 battery 84%
    117.07 r3 task -
    117.09 r3 task op.11
    120.25 r3 mission 'm1' tasks 15 armed 1 mode 4 rel_alt 19.2 battery 83%
    125.25 r3 mission 'm1' tasks 15 armed 1 mode 4 rel_alt 29.3 battery 81%
    130.26 r3 mission 'm1' tasks 15 armed 1 mode 4 rel_alt 29.9 battery 80%
    135.27 r3 mission 'm1' tasks 15 armed 1 mode 4 rel_alt 23.2 battery 79%
    140.27 r3 mission 'm1' tasks 15 armed 1 mode 4 rel_alt 15.9 battery 78%
    145.28 r3 mission 'm1' tasks 15 armed 1 mode 4 rel_alt 14.9 battery 77%
    146.87 r3 task -
    146.89 r3 task op.10
    150.29 r3 mission 'm1' tasks 15 armed 1 mode 4 rel_alt 19.7 battery 75%
    155.30 r3 mission 'm1' tasks 15 armed 1 mode 4 rel_alt 29.4 battery 74%
    160.30 r3 mission 'm1' tasks 15 armed 1 mode 4 rel_alt 29.7 battery 73%
    165.32 r3 mission 'm1' tasks 15 armed 1 mode 4 rel_alt 29.9 battery 72%
    170.33 r3 mission 'm1' tasks 15 armed 1 mode 4 rel_alt 25.4 battery 71%
    175.34 r3 mission 'm1' tasks 15 armed 1 mode 4 rel_alt 17.9 battery 69%
    180.35 r3 mission 'm1' tasks 15 armed 1 mode 4 rel_alt 14.9 battery 68%
    183.47 r3 task -
    183.49 r3 task op.15
    185.36 r3 mission 'm1' tasks 15 armed 1 mode 4 rel_alt 16.4 battery 67%
    190.37 r3 mission 'm1' tasks 15 armed 1 mode 4 rel_alt 27.8 battery 66%
    193.79 r3 task -
    195.38 r3 mission 'm1' tasks 15 armed 1 mode 4 rel_alt 29.9 battery 65%
