r1: waiting for the autopilot on tcp:127.0.0.1:5760
r1: autopilot 1 found at 56.9495550 24.1050681 10.1 m
     10.16 r1 mission '' tasks 0 armed 0 mode 0 rel_alt 0.0 battery 100%
     15.17 r1 mission 'm1' tasks 0 armed 0 mode 0 rel_alt 0.0 battery 100%
     20.19 r1 mission 'm1' tasks 0 armed 0 mode 0 rel_alt -0.0 battery 100%
     25.20 r1 mission 'm1' tasks 0 armed 0 mode 0 rel_alt 0.0 battery 100%
     30.21 r1 mission 'm1' tasks 0 armed 0 mode 0 rel_alt 0.0 battery 100%
     35.22 r1 mission 'm1' tasks 0 armed 0 mode 0 rel_alt 0.0 battery 100%
     40.22 r1 mission 'm1' tasks 0 armed 0 mode 0 rel_alt -0.0 battery 100%
     45.24 r1 mission 'm1' tasks 0 armed 0 mode 0 rel_alt -0.0 battery 100%
     46.26 r1 task op.1
     50.24 r1 mission 'm1' tasks 1 armed 1 mode 4 rel_alt 0.0 battery 99%
     51.23 r1 task op.2
     55.25 r1 mission 'm1' tasks 2 armed 1 mode 4 rel_alt 8.9 battery 99%
     56.22 r1 task op.3
     60.26 r1 mission 'm1' tasks 3 armed 1 mode 4 rel_alt 19.2 battery 99%
     65.27 r1 mission 'm1' tasks 4 armed 1 mode 4 rel_alt 19.9 battery 99%
     70.28 r1 mission 'm1' tasks 5 armed 1 mode 4 rel_alt 16.3 battery 99%
     75.28 r1 mission 'm1' tasks 6 armed 1 mode 4 rel_alt 14.9 battery 98%
     77.31 r1 task -
     77.33 r1 task op.4
     80.29 r1 mission 'm1' tasks 7 armed 1 mode 4 rel_alt 18.3 battery 98%
     81.26 r1 task op.8
     85.30 r1 mission 'm1' tasks 8 armed 1 mode 4 rel_alt 19.9 battery 98%
     90.30 r1 mission 'm1' tasks 9 armed 1 mode 4 rel_alt 15.7 battery 98%
     95.31 r1 mission 'm1' tasks 10 armed 1 mode 4 rel_alt 14.9 battery 98%
     96.81 r1 task -
     96.83 r1 task op.4
    100.31 r1 mission 'm1' tasks 11 armed 1 mode 4 rel_alt 18.9 battery 97%
    105.32 r1 mission 'm1' tasks 12 armed 1 mode 4 rel_alt 19.8 battery 97%
    110.32 r1 mission 'm1' tasks 13 armed 1 mode 4 rel_alt 19.9 battery 97%
    115.33 r1 mission 'm1' tasks 14 armed 1 mode 4 rel_alt 14.9 battery 97%
    120.33 r1 mission 'm1' tasks 15 armed 1 mode 4 rel_alt 14.9 battery 97%
    120.41 r1 task -
    120.43 r1 task op.9
    125.34 r1 mission 'm1' tasks 15 armed 1 mode 4 rel_alt 19.6 battery 97%
    130.35 r1 mission 'm1' tasks 15 armed 1 mode 4 rel_alt 19.2 battery 96%
    135.35 r1 mission 'm1' tasks 15 armed 1 mode 4 rel_alt 14.9 battery 96%
    139.21 r1 task -
    139.23 r1 task op.14
    140.37 r1 mission 'm1' tasks 15 armed 1 mode 4 rel_alt 15.3 battery 96%
    145.38 r1 mission 'm1' tasks 15 armed 1 mode 4 rel_alt 19.8 battery 96%
    150.39 r1 mission 'm1' tasks 15 armed 1 mode 4 rel_alt 17.2 battery 96%
    155.41 r1 mission 'm1' tasks 15 armed 1 mode 4 rel_alt 14.9 battery 95%
    158.00 r1 task -
    158.02 r1 task op.13
    160.41 r1 mission 'm1' tasks 15 armed 1 mode 4 rel_alt 17.2 battery 95%
    165.43 r1 mission 'm1' tasks 15 armed 1 mode 4 rel_alt 19.6 battery 95%
    170.44 r1 mission 'm1' tasks 15 armed 1 mode 4 rel_alt 19.8 battery 95%
    175.45 r1 mission 'm1' tasks 15 armed 1 mode 4 rel_alt 19.8 battery 95%
    180.45 r1 mission 'm1' tasks 15 armed 1 mode 4 rel_alt 14.9 battery 94%
    185.02 r1 task -
    185.04 r1 task op.15
    185.46 r1 mission 'm1' tasks 15 armed 1 mode 4 rel_alt 14.9 battery 94%
    190.46 r1 mission 'm1' tasks 15 armed 1 mode 4 rel_alt 19.6 battery 94%
    193.52 r1 task -
    195.48 r1 mission 'm1' tasks 15 armed 1 mode 4 rel_alt 19.7 battery 94%
