operator: mission m1, timeline from t = 45.65, listening on 14600
      0.65 operator: 0 of 0 tasks ended, 0 messages in
     10.68 operator: 0 of 0 tasks ended, 0 messages in
     20.69 operator: 0 of 0 tasks ended, 64 messages in
     30.71 operator: 0 of 0 tasks ended, 127 messages in
     40.71 operator: 0 of 0 tasks ended, 190 messages in
     50.72 operator: 0 of 1 tasks ended, 254 messages in
     60.74 operator: 0 of 3 tasks ended, 321 messages in
     70.75 operator: 0 of 5 tasks ended, 390 messages in
     80.76 operator: 0 of 7 tasks ended, 459 messages in
     90.78 operator: 2 of 9 tasks ended, 532 messages in
    100.78 operator: 3 of 11 tasks ended, 601 messages in
    110.80 operator: 4 of 13 tasks ended, 671 messages in
    120.81 operator: 6 of 15 tasks ended, 742 messages in
    130.81 operator: 7 of 15 tasks ended, 812 messages in
    140.83 operator: 7 of 15 tasks ended, 881 messages in
    150.84 operator: 10 of 15 tasks ended, 955 messages in
    160.85 operator: 10 of 15 tasks ended, 1024 messages in
    170.86 operator: 11 of 15 tasks ended, 1094 messages in
    180.87 operator: 12 of 15 tasks ended, 1165 messages in
    190.88 operator: 13 of 15 tasks ended, 1237 messages in
    200.88 operator: 14 of 15 tasks ended, 1301 messages in
operator: all tasks ended; makespan 161.44 s; results in results.csv
