r2: waiting for the autopilot on tcp:127.0.0.1:5770
r2: autopilot 2 found at 56.9495550 24.1051340 10.1 m
     10.61 r2 mission '' tasks 0 armed 0 mode 0 rel_alt 0.0 battery 100%
     15.62 r2 mission 'm1' tasks 0 armed 0 mode 0 rel_alt 0.0 battery 100%
     20.63 r2 mission 'm1' tasks 0 armed 0 mode 0 rel_alt -0.0 battery 100%
     25.65 r2 mission 'm1' tasks 0 armed 0 mode 0 rel_alt 0.0 battery 100%
     30.67 r2 mission 'm1' tasks 0 armed 0 mode 0 rel_alt 0.0 battery 100%
     35.68 r2 mission 'm1' tasks 0 armed 0 mode 0 rel_alt 0.0 battery 100%
     40.69 r2 mission 'm1' tasks 0 armed 0 mode 0 rel_alt -0.0 battery 100%
     45.69 r2 mission 'm1' tasks 0 armed 0 mode 0 rel_alt -0.0 battery 100%
     50.70 r2 mission 'm1' tasks 1 armed 0 mode 0 rel_alt -0.0 battery 100%
     55.70 r2 mission 'm1' tasks 2 armed 0 mode 0 rel_alt -0.0 battery 100%
     56.67 r2 task op.3
     60.72 r2 mission 'm1' tasks 3 armed 1 mode 4 rel_alt 0.0 battery 99%
     65.73 r2 mission 'm1' tasks 4 armed 1 mode 4 rel_alt 9.0 battery 99%
     70.74 r2 mission 'm1' tasks 5 armed 1 mode 4 rel_alt 21.3 battery 99%
     75.74 r2 mission 'm1' tasks 6 armed 1 mode 4 rel_alt 24.7 battery 99%
     80.75 r2 mission 'm1' tasks 7 armed 1 mode 4 rel_alt 24.6 battery 99%
     85.76 r2 mission 'm1' tasks 8 armed 1 mode 4 rel_alt 17.3 battery 98%
     90.76 r2 mission 'm1' tasks 9 armed 1 mode 4 rel_alt 14.9 battery 98%
     93.38 r2 task -
     93.40 r2 task op.8
     95.78 r2 mission 'm1' tasks 10 armed 1 mode 4 rel_alt 17.2 battery 98%
    100.78 r2 mission 'm1' tasks 11 armed 1 mode 4 rel_alt 24.7 battery 98%
    105.79 r2 mission 'm1' tasks 12 armed 1 mode 4 rel_alt 24.1 battery 98%
    110.80 r2 mission 'm1' tasks 13 armed 1 mode 4 rel_alt 16.6 battery 98%
    115.80 r2 mission 'm1' tasks 14 armed 1 mode 4 rel_alt 14.9 battery 97%
    117.99 r2 task -
    118.01 r2 task op.13
    120.81 r2 mission 'm1' tasks 15 armed 1 mode 4 rel_alt 18.3 battery 97%
    125.82 r2 mission 'm1' tasks 15 armed 1 mode 4 rel_alt 24.7 battery 97%
    130.83 r2 mission 'm1' tasks 15 armed 1 mode 4 rel_alt 23.1 battery 97%
    135.83 r2 mission 'm1' tasks 15 armed 1 mode 4 rel_alt 15.8 battery 97%
    140.84 r2 mission 'm1' tasks 15 armed 1 mode 4 rel_alt 14.9 battery 96%
    142.39 r2 task -
    142.41 r2 task op.9
    145.85 r2 mission 'm1' tasks 15 armed 1 mode 4 rel_alt 19.7 battery 96%
    149.81 r2 task op.14
    150.86 r2 mission 'm1' tasks 15 armed 1 mode 4 rel_alt 24.6 battery 96%
    155.86 r2 mission 'm1' tasks 15 armed 1 mode 4 rel_alt 24.8 battery 96%
    160.87 r2 mission 'm1' tasks 15 armed 1 mode 4 rel_alt 24.9 battery 96%
    165.88 r2 mission 'm1' tasks 15 armed 1 mode 4 rel_alt 19.5 battery 95%
    170.89 r2 mission 'm1' tasks 15 armed 1 mode 4 rel_alt 14.9 battery 95%
    174.99 r2 task -
    175.01 r2 task op.15
    175.91 r2 mission 'm1' tasks 15 armed 1 mode 4 rel_alt 15.1 battery 95%
    180.92 r2 mission 'm1' tasks 15 armed 1 mode 4 rel_alt 24.0 battery 95%
    182.79 r2 task -
    185.93 r2 mission 'm1' tasks 15 armed 1 mode 4 rel_alt 24.7 battery 95%
    189.39 r2 task op.15
    190.94 r2 mission 'm1' tasks 15 armed 1 mode 4 rel_alt 24.9 battery 94%
    195.95 r2 mission 'm1' tasks 15 armed 1 mode 4 rel_alt 24.2 battery 94%
    200.95 r2 mission 'm1' tasks 15 armed 1 mode 4 rel_alt 16.7 battery 94%
    205.96 r2 mission 'm1' tasks 15 armed 1 mode 4 rel_alt 14.9 battery 94%
    208.11 r2 task -
    210.97 r2 mission 'm1' tasks 15 armed 1 mode 4 rel_alt 16.3 battery 94%
