operator: mission m1, timeline from t = 45.74, listening on 14600
      0.74 operator: 0 of 0 tasks ended, 0 messages in
     10.77 operator: 0 of 0 tasks ended, 0 messages in
     20.78 operator: 0 of 0 tasks ended, 64 messages in
     30.78 operator: 0 of 0 tasks ended, 127 messages in
     40.79 operator: 0 of 0 tasks ended, 190 messages in
     50.80 operator: 0 of 1 tasks ended, 254 messages in
     60.81 operator: 0 of 3 tasks ended, 322 messages in
     70.81 operator: 0 of 5 tasks ended, 390 messages in
     80.82 operator: 0 of 7 tasks ended, 459 messages in
     90.83 operator: 2 of 9 tasks ended, 532 messages in
    100.86 operator: 3 of 11 tasks ended, 602 messages in
    110.87 operator: 4 of 13 tasks ended, 671 messages in
    120.87 operator: 6 of 15 tasks ended, 742 messages in
    130.89 operator: 7 of 15 tasks ended, 812 messages in
    140.89 operator: 7 of 15 tasks ended, 881 messages in
    150.91 operator: 10 of 15 tasks ended, 956 messages in
    160.92 operator: 10 of 15 tasks ended, 1024 messages in
    170.92 operator: 11 of 15 tasks ended, 1094 messages in
    180.93 operator: 12 of 15 tasks ended, 1165 messages in
    190.95 operator: 13 of 15 tasks ended, 1237 messages in
    200.96 operator: 14 of 15 tasks ended, 1304 messages in
operator: all tasks ended; makespan 161.28 s; results in results.csv
