r3: waiting for the autopilot on tcp:127.0.0.1:5780
r3: autopilot 3 found at 56.9495550 24.1052000 10.1 m
     10.71 r3 mission '' tasks 0 armed 0 mode 0 rel_alt 0.0 battery 100%
     15.71 r3 mission 'm1' tasks 0 armed 0 mode 0 rel_alt 0.0 battery 100%
     20.72 r3 mission 'm1' tasks 0 armed 0 mode 0 rel_alt -0.0 battery 100%
     25.73 r3 mission 'm1' tasks 0 armed 0 mode 0 rel_alt 0.0 battery 100%
     30.74 r3 mission 'm1' tasks 0 armed 0 mode 0 rel_alt 0.0 battery 100%
     35.75 r3 mission 'm1' tasks 0 armed 0 mode 0 rel_alt 0.0 battery 100%
     40.76 r3 mission 'm1' tasks 0 armed 0 mode 0 rel_alt -0.0 battery 100%
     45.77 r3 mission 'm1' tasks 0 armed 0 mode 0 rel_alt -0.0 battery 100%
     46.76 r3 task op.1
     50.78 r3 mission 'm1' tasks 1 armed 1 mode 4 rel_alt 0.0 battery 99%
     55.79 r3 mission 'm1' tasks 2 armed 1 mode 4 rel_alt 8.9 battery 98%
     60.79 r3 mission 'm1' tasks 3 armed 1 mode 4 rel_alt 21.4 battery 97%
     65.81 r3 mission 'm1' tasks 4 armed 1 mode 4 rel_alt 29.6 battery 96%
     70.81 r3 mission 'm1' tasks 5 armed 1 mode 4 rel_alt 29.9 battery 94%
     75.82 r3 mission 'm1' tasks 6 armed 1 mode 4 rel_alt 23.8 battery 93%
     80.83 r3 mission 'm1' tasks 7 armed 1 mode 4 rel_alt 16.3 battery 92%
     85.84 r3 mission 'm1' tasks 8 armed 1 mode 4 rel_alt 14.9 battery 91%
     87.87 r3 task -
     87.89 r3 task op.6
     90.85 r3 mission 'm1' tasks 9 armed 1 mode 4 rel_alt 18.7 battery 90%
     95.86 r3 mission 'm1' tasks 10 armed 1 mode 4 rel_alt 29.1 battery 88%
    100.86 r3 mission 'm1' tasks 11 armed 1 mode 4 rel_alt 29.9 battery 87%
    105.87 r3 mission 'm1' tasks 12 armed 1 mode 4 rel_alt 23.5 battery 86%
    110.87 r3 mission 'm1' tasks 13 armed 1 mode 4 rel_alt 16.1 battery 85%
    115.88 r3 mission 'm1' tasks 14 armed 1 mode 4 rel_alt 14.9 battery 84%
    117.65 r3 task -
    117.67 r3 task op.11
    120.89 r3 mission 'm1' tasks 15 armed 1 mode 4 rel_alt 19.3 battery 83%
    125.90 r3 mission 'm1' tasks 15 armed 1 mode 4 rel_alt 29.3 battery 81%
    130.91 r3 mission 'm1' tasks 15 armed 1 mode 4 rel_alt 29.9 battery 80%
    135.92 r3 mission 'm1' tasks 15 armed 1 mode 4 rel_alt 23.1 battery 79%
    140.93 r3 mission 'm1' tasks 15 armed 1 mode 4 rel_alt 15.8 battery 78%
    145.94 r3 mission 'm1' tasks 15 armed 1 mode 4 rel_alt 14.9 battery 77%
    147.47 r3 task -
    147.49 r3 task op.5
    150.95 r3 mission 'm1' tasks 15 armed 1 mode 4 rel_alt 20.1 battery 75%
    155.95 r3 mission 'm1' tasks 15 armed 1 mode 4 rel_alt 29.5 battery 74%
    160.96 r3 mission 'm1' tasks 15 armed 1 mode 4 rel_alt 29.7 battery 73%
    165.97 r3 mission 'm1' tasks 15 armed 1 mode 4 rel_alt 29.9 battery 72%
    170.98 r3 mission 'm1' tasks 15 armed 1 mode 4 rel_alt 23.8 battery 71%
    175.98 r3 mission 'm1' tasks 15 armed 1 mode 4 rel_alt 16.3 battery 69%
    180.99 r3 mission 'm1' tasks 15 armed 1 mode 4 rel_alt 14.9 battery 68%
    182.94 r3 task -
    182.96 r3 task op.15
    186.00 r3 mission 'm1' tasks 15 armed 1 mode 4 rel_alt 18.9 battery 67%
    189.48 r3 task -
    191.00 r3 mission 'm1' tasks 15 armed 1 mode 4 rel_alt 29.2 battery 66%
    196.01 r3 mission 'm1' tasks 15 armed 1 mode 4 rel_alt 29.9 battery 65%
    201.02 r3 mission 'm1' tasks 15 armed 1 mode 4 rel_alt 29.9 battery 63%
    206.02 r3 mission 'm1' tasks 15 armed 1 mode 4 rel_alt 29.9 battery 62%
    211.02 r3 mission 'm1' tasks 15 armed 1 mode 4 rel_alt 29.9 battery 61%
