operator: mission m1, timeline from t = 45.18, listening on 14600
      0.18 operator: 0 of 0 tasks ended, 0 messages in
     10.22 operator: 0 of 0 tasks ended, 0 messages in
     20.23 operator: 0 of 0 tasks ended, 22 messages in
     30.25 operator: 0 of 0 tasks ended, 43 messages in
     40.25 operator: 0 of 0 tasks ended, 63 messages in
     50.25 operator: 0 of 1 tasks ended, 85 messages in
     60.25 operator: 0 of 3 tasks ended, 106 messages in
     70.27 operator: 0 of 5 tasks ended, 126 messages in
     80.28 operator: 1 of 7 tasks ended, 149 messages in
     90.30 operator: 1 of 9 tasks ended, 168 messages in
    100.30 operator: 2 of 11 tasks ended, 191 messages in
    110.32 operator: 2 of 13 tasks ended, 211 messages in
    120.34 operator: 3 of 15 tasks ended, 234 messages in
    130.34 operator: 3 of 15 tasks ended, 254 messages in
    140.35 operator: 4 of 15 tasks ended, 276 messages in
    150.37 operator: 4 of 15 tasks ended, 297 messages in
    160.37 operator: 5 of 15 tasks ended, 319 messages in
    170.38 operator: 5 of 15 tasks ended, 340 messages in
    180.40 operator: 6 of 15 tasks ended, 361 messages in
    190.42 operator: 6 of 15 tasks ended, 382 messages in
    200.43 operator: 6 of 15 tasks ended, 403 messages in
    210.46 operator: 7 of 15 tasks ended, 425 messages in
    220.48 operator: 7 of 15 tasks ended, 447 messages in
    230.49 operator: 8 of 15 tasks ended, 469 messages in
    240.49 operator: 9 of 15 tasks ended, 491 messages in
    250.51 operator: 9 of 15 tasks ended, 512 messages in
    260.52 operator: 9 of 15 tasks ended, 533 messages in
    270.54 operator: 10 of 15 tasks ended, 555 messages in
    280.55 operator: 10 of 15 tasks ended, 575 messages in
    290.56 operator: 11 of 15 tasks ended, 597 messages in
    300.57 operator: 11 of 15 tasks ended, 617 messages in
    310.58 operator: 12 of 15 tasks ended, 640 messages in
    320.59 operator: 12 of 15 tasks ended, 661 messages in
    330.60 operator: 13 of 15 tasks ended, 683 messages in
    340.60 operator: 13 of 15 tasks ended, 702 messages in
    350.61 operator: 14 of 15 tasks ended, 725 messages in
    360.61 operator: 14 of 15 tasks ended, 746 messages in
operator: all tasks ended; makespan 319.84 s; results in results.csv
